[digitalnegociacao.com/index57aa.html]
[backblue.gif]
[fade.gif]
[index.html]
[digitalnegociacao.com/p.jpg]
[digitalnegociacao.com/css/font-awesome.min.css]
[digitalnegociacao.com/vendors/flat-icon/flaticon.css]
[digitalnegociacao.com/css/bootstrap.min.css]
[digitalnegociacao.com/vendors/revolution/css/settings.css]
[digitalnegociacao.com/vendors/revolution/css/layers.css]
[digitalnegociacao.com/vendors/revolution/css/navigation.css]
[digitalnegociacao.com/vendors/owl-carousel/owl.carousel.min.css]
[digitalnegociacao.com/vendors/animate-css/animate.css]
[digitalnegociacao.com/vendors/nice-select/nice-select.css]
[digitalnegociacao.com/css/style.css]
[digitalnegociacao.com/css/responsive.css]
[digitalnegociacao.com/css/custom.css]
[digitalnegociacao.com/scss/_banner.scss]
[digitalnegociacao.com/css/marquee.css]
[cdnjs.cloudflare.com/ajax/libs/flag-icon-css/3.5.0/css/flag-icon.min.css]
[cdnjs.cloudflare.com/ajax/libs/animate.css/4.1.1/animate.min.css]
[cdnjs.cloudflare.com/ajax/libs/font-awesome/5.15.3/css/all.min.css]
[digitalnegociacao.com/styll.png]
[digitalnegociacao.com/certification.jpg]
[digitalnegociacao.com/indexbc14.html]
[digitalnegociacao.com/indexe66a.html]
[digitalnegociacao.com/indexe47e.html]
[digitalnegociacao.com/FEDERAL DEPOSIT INSURANCE CORPORTION_20240604_024329_0000.png]
[digitalnegociacao.com/index71fb.html]
[digitalnegociacao.com/indexa283.html]
[digitalnegociacao.com/img/jss.jpg]
[digitalnegociacao.com/indexc30b.html]
[digitalnegociacao.com/index38cd.html]
[digitalnegociacao.com/cryp.jpg]
[digitalnegociacao.com/indexcca3.html]
[digitalnegociacao.com/img/service2.jpg]
[digitalnegociacao.com/img/service3.jpg]
[digitalnegociacao.com/img/kmd.jpg]
[digitalnegociacao.com/img/bg-9.jpg]
[s3.tradingview.com/external-embedding/embed-widget-forex-heat-map.js]
[digitalnegociacao.com/img/right-laptop-img.png]
[digitalnegociacao.com/img/banks.png]
[digitalnegociacao.com/img/security.png]
[digitalnegociacao.com/js/jquery-3.2.1.min.js]
[digitalnegociacao.com/js/popper.min.js]
[digitalnegociacao.com/index.html]
[digitalnegociacao.com/js/bootstrap.min.js]
[digitalnegociacao.com/vendors/revolution/js/jquery.themepunch.tools.min.js]
[digitalnegociacao.com/vendors/revolution/js/jquery.themepunch.revolution.min.js]
[digitalnegociacao.com/vendors/revolution/js/extensions/revolution.extension.actions.min.js]
[digitalnegociacao.com/vendors/revolution/js/extensions/revolution.extension.video.min.js]
[digitalnegociacao.com/vendors/revolution/js/extensions/revolution.extension.slideanims.min.js]
[digitalnegociacao.com/vendors/revolution/js/extensions/revolution.extension.layeranimation.min.js]
[digitalnegociacao.com/vendors/revolution/js/extensions/revolution.extension.navigation.min.js]
[digitalnegociacao.com/vendors/counterup/jquery.waypoints.min.js]
[digitalnegociacao.com/vendors/counterup/jquery.counterup.min.js]
[digitalnegociacao.com/vendors/owl-carousel/owl.carousel.min.js]
[digitalnegociacao.com/vendors/animate-css/wow.min.js]
[digitalnegociacao.com/vendors/parallax/parallax.min.js]
[digitalnegociacao.com/vendors/counterup/apear.js]
[digitalnegociacao.com/vendors/counterup/countto.js]
[digitalnegociacao.com/vendors/nice-select/jquery.nice-select.min.js]
[digitalnegociacao.com/js/theme.js]
[digitalnegociacao.com/js/recent.js]
[digitalnegociacao.com/js/marquee.js]
[digitalnegociacao.com/js/particle.js]
[digitalnegociacao.com/js/custom.js]
[www.smartsuppchat.com/loaderd41d.js]
[translate.google.com/translate_a/elementa0d8.js]
[digitalnegociacao.com/index57aa.html]
[digitalnegociacao.com/css/font-awesome.min.css]
[digitalnegociacao.com/vendors/flat-icon/flaticon.css]
[digitalnegociacao.com/css/bootstrap.min.css]
[digitalnegociacao.com/vendors/revolution/css/settings.css]
[digitalnegociacao.com/vendors/revolution/css/layers.css]
[digitalnegociacao.com/vendors/revolution/css/navigation.css]
[digitalnegociacao.com/vendors/owl-carousel/owl.carousel.min.css]
[digitalnegociacao.com/vendors/animate-css/animate.css]
[digitalnegociacao.com/vendors/nice-select/nice-select.css]
[digitalnegociacao.com/img/banner/banner.jpg]
[digitalnegociacao.com/img/footer-bg.jpg]
[digitalnegociacao.com/css/style.css]
[digitalnegociacao.com/css/responsive.css]
[digitalnegociacao.com/img/parallax-bg.jpg]
[digitalnegociacao.com/css/custom.css]
[digitalnegociacao.com/css/marquee.css]
[cdnjs.cloudflare.com/ajax/libs/flag-icon-css/3.5.0/css/flag-icon.min.css]
[cdnjs.cloudflare.com/ajax/libs/animate.css/4.1.1/animate.min.css]
[cdnjs.cloudflare.com/ajax/libs/font-awesome/5.15.3/css/all.min.css]
[digitalnegociacao.com/indexbc14.html]
[digitalnegociacao.com/img/bitcoin-about.jpg]
[digitalnegociacao.com/img/vision.jpg]
[digitalnegociacao.com/indexe47e.html]
[digitalnegociacao.com/indexe66a.html]
[digitalnegociacao.com/index71fb.html]
[digitalnegociacao.com/indexa283.html]
[digitalnegociacao.com/index38cd.html]
[digitalnegociacao.com/vendor/font-awesome-4.7.0/css/font-awesome.min.css]
[digitalnegociacao.com/vendor/bootstrap-4.1.1/css/bootstrap.css]
[digitalnegociacao.com/css/light_adminux.css]
[digitalnegociacao.com/bg.mp4]
[digitalnegociacao.com/js/jquery-2.1.1.min.js]
[digitalnegociacao.com/index8083.html]
[digitalnegociacao.com/ajax/libs/popper.js/1.11.0/umd/popper.min.js]
[digitalnegociacao.com/vendor/bootstrap4beta/js/bootstrap.min.js]
[digitalnegociacao.com/vendor/cookie/jquery.cookie.js]
[digitalnegociacao.com/js/ie10-viewport-bug-workaround.js]
[digitalnegociacao.com/indexc30b.html]
[digitalnegociacao.com/indexcca3.html]
[digitalnegociacao.com/index.html]
[digitalnegociacao.com/“https_/www.smartsupp.html]
[digitalnegociacao.com/fonts/fontawesome-webfont3e6e3e6e.html]
[digitalnegociacao.com/fonts/fontawesome-webfontd41dd41d.html]
[digitalnegociacao.com/fonts/fontawesome-webfont3e6e3e6e-2.html]
[digitalnegociacao.com/fonts/fontawesome-webfont3e6e-23e6e.html]
[digitalnegociacao.com/fonts/fontawesome-webfont3e6e-33e6e.html]
[digitalnegociacao.com/fonts/fontawesome-webfont3e6e-43e6e.html]
[digitalnegociacao.com/vendors/flat-icon/Flaticon.html]
[digitalnegociacao.com/vendors/flat-icon/Flaticond41dd41d.html]
[digitalnegociacao.com/vendors/flat-icon/Flaticon-2.html]
[digitalnegociacao.com/vendors/flat-icon/Flaticon-3.html]
[digitalnegociacao.com/vendors/flat-icon/Flaticon-4.html]
[digitalnegociacao.com/vendors/revolution/fonts/revicons/revicons90c690c6.html]
[digitalnegociacao.com/vendors/revolution/fonts/revicons/revicons90c690c6-2.html]
[digitalnegociacao.com/vendors/revolution/fonts/revicons/revicons90c6-290c6.html]
[digitalnegociacao.com/vendors/revolution/fonts/revicons/revicons90c6-390c6.html]
[digitalnegociacao.com/vendors/revolution/css/openhand.html]
[digitalnegociacao.com/vendors/revolution/css/closedhand.html]
[digitalnegociacao.com/vendors/revolution/assets/gridtile.html]
[digitalnegociacao.com/vendors/revolution/assets/gridtile_white.html]
[digitalnegociacao.com/vendors/revolution/assets/gridtile_3x3.html]
[digitalnegociacao.com/vendors/revolution/assets/gridtile_3x3_white.html]
[digitalnegociacao.com/vendors/revolution/assets/coloredbg.html]
[digitalnegociacao.com/vendors/revolution/assets/loader.html]
[digitalnegociacao.com/vendors/owl-carousel/owl.video.play.html]
[digitalnegociacao.com/img/about.html]
[digitalnegociacao.com/favicon.html]
[digitalnegociacao.com/img/about-team-1.html]
[digitalnegociacao.com/img/about-team-2.html]
[digitalnegociacao.com/img/about-team-3.html]
[digitalnegociacao.com/img/about-team-4.html]
[digitalnegociacao.com/home.html]
[digitalnegociacao.com/cryptocurrency.html]
[digitalnegociacao.com/img/service/service-1.html]
[digitalnegociacao.com/stock.html]
[digitalnegociacao.com/realestate.html]
[digitalnegociacao.com/faqs.html]
[digitalnegociacao.com/officepic.jpg]
[digitalnegociacao.com/indexa972.html]
[digitalnegociacao.com/vendor/font-awesome-4.7.0/fonts/fontawesome-webfont3e6e.woff2]
[digitalnegociacao.com/vendor/font-awesome-4.7.0/fonts/fontawesome-webfont3e6e.woff]
[digitalnegociacao.com/vendor/font-awesome-4.7.0/fonts/fontawesome-webfont3e6e.ttf]
[digitalnegociacao.com/vendor/font-awesome-4.7.0/css/font-awesome.min.css]
[digitalnegociacao.com/vendor/bootstrap-4.1.1/css/bootstrap.css]
[digitalnegociacao.com/img/logo_header+dark.png]
[digitalnegociacao.com/img/logo.png]
[digitalnegociacao.com/css/light_adminux.css]
[digitalnegociacao.com/index8083.html]
[digitalnegociacao.com/vendor/fontawesome-free/css/all.min.css]
[ajax.googleapis.com/ajax/libs/jquery/1.8.3/jquery.min.js]
[cdnjs.cloudflare.com/ajax/libs/pdfmake/0.1.22/pdfmake.min.js]
[cdnjs.cloudflare.com/ajax/libs/html2canvas/0.4.1/html2canvas.min.js]
[digitalnegociacao.com/vendor/datatables/css/dataTables.bootstrap4.css]
[digitalnegociacao.com/vendor/datatables/css/responsive.dataTables.min.css]
[digitalnegociacao.com/css/dark_blue_adminux.css]
[digitalnegociacao.com/css/margin.css]
[digitalnegociacao.com/index2017.html]
[digitalnegociacao.com/index0c91.html]
[digitalnegociacao.com/index0f73.html]
[digitalnegociacao.com/index035c.html]
[digitalnegociacao.com/index489c.html]
[digitalnegociacao.com/indexcc36.html]
[digitalnegociacao.com/js/ajax/libs/popper.js/1.11.0/umd/popper.min.js]
[digitalnegociacao.com/indexe3a5.html]
[digitalnegociacao.com/vendor/cicular_progress/circle-progress.min.js]
[digitalnegociacao.com/indexbfa5.html]
[digitalnegociacao.com/vendor/sparklines/jquery.sparkline.min.js]
[digitalnegociacao.com/index8037.html]
[digitalnegociacao.com/vendor/chartjs/Chart.bundle.min.js]
[digitalnegociacao.com/vendor/chartjs/utils.js]
[digitalnegociacao.com/vendor/spincrement/jquery.spincrement.min.js]
[digitalnegociacao.com/vendor/datatables/js/jquery.dataTables.min.js]
[digitalnegociacao.com/vendor/datatables/js/dataTables.bootstrap4.js]
[digitalnegociacao.com/vendor/datatables/js/dataTables.responsive.min.js]
[digitalnegociacao.com/js/adminux.js]
[digitalnegociacao.com/js/dashboard1.js]
[digitalnegociacao.com/js/print.js]
[digitalnegociacao.com/indexa972.html]
[digitalnegociacao.com/vendor/font-awesome-4.7.0/fonts/fontawesome-webfont3e6e.html]
[digitalnegociacao.com/vendor/font-awesome-4.7.0/fonts/fontawesome-webfontd41d.html]
[digitalnegociacao.com/vendor/font-awesome-4.7.0/fonts/fontawesome-webfont3e6e-2.html]
[digitalnegociacao.com/vendor/jstree/dist/themes/default/32px.html]
[digitalnegociacao.com/vendor/fontawesome-free/webfonts/fa-solid-900.woff2]
[digitalnegociacao.com/vendor/fontawesome-free/webfonts/fa-solid-900.woff]
[digitalnegociacao.com/vendor/fontawesome-free/webfonts/fa-solid-900.ttf]
[digitalnegociacao.com/vendor/fontawesome-free/css/all.min.css]
[digitalnegociacao.com/vendor/datatables/css/dataTables.bootstrap4.css]
[digitalnegociacao.com/vendor/datatables/css/responsive.dataTables.min.css]
[digitalnegociacao.com/css/dark_blue_adminux.css]
[digitalnegociacao.com/css/margin.css]
[digitalnegociacao.com/index2017.html]
[digitalnegociacao.com/index035c.html]
[digitalnegociacao.com/index0f73.html]
[digitalnegociacao.com/index0c91.html]
[digitalnegociacao.com/index489c.html]
[digitalnegociacao.com/indexcc36.html]
[digitalnegociacao.com/indexe3a5.html]
[digitalnegociacao.com/indexbfa5.html]
[digitalnegociacao.com/index8037.html]
[digitalnegociacao.com/technical.html]
[digitalnegociacao.com/chart.html]
[digitalnegociacao.com/calendar.html]
[digitalnegociacao.com/vendor/fontawesome-free/webfonts/fa-brands-400.html]
[digitalnegociacao.com/vendor/fontawesome-free/webfonts/fa-brands-400d41d.html]
[digitalnegociacao.com/vendor/fontawesome-free/webfonts/fa-brands-401.html]
[digitalnegociacao.com/vendor/fontawesome-free/webfonts/fa-brands-402.html]
[digitalnegociacao.com/vendor/fontawesome-free/webfonts/fa-brands-403.html]
[digitalnegociacao.com/vendor/fontawesome-free/webfonts/fa-brands-404.html]
[digitalnegociacao.com/vendor/fontawesome-free/webfonts/fa-regular-400.html]
[digitalnegociacao.com/vendor/fontawesome-free/webfonts/fa-regular-400d41d.html]
[digitalnegociacao.com/vendor/fontawesome-free/webfonts/fa-regular-401.html]
[digitalnegociacao.com/vendor/fontawesome-free/webfonts/fa-regular-402.html]
[digitalnegociacao.com/vendor/fontawesome-free/webfonts/fa-regular-403.html]
[digitalnegociacao.com/vendor/fontawesome-free/webfonts/fa-regular-404.html]
[digitalnegociacao.com/vendor/fontawesome-free/webfonts/fa-solid-900.html]
[digitalnegociacao.com/vendor/fontawesome-free/webfonts/fa-solid-900d41d.html]
[digitalnegociacao.com/vendor/fontawesome-free/webfonts/fa-solid-901.html]
[digitalnegociacao.com/vendor/jstree/dist/themes/default/32px_light.html]
